[2026-08-11T03:25:51Z] Fetching funding ETHUSDT for 67 months
[2026-08-11T03:25:51Z]   funding ETHUSDT 2021-01: skip_exists checksum_ok=True
[2026-08-11T03:25:51Z]   funding ETHUSDT 2021-04: skip_exists checksum_ok=True
[2026-08-11T03:25:51Z]   funding ETHUSDT 2021-02: skip_exists checksum_ok=True
[2026-08-11T03:25:51Z]   funding ETHUSDT 2021-07: skip_exists checksum_ok=True
[2026-08-11T03:25:51Z]   funding ETHUSDT 2021-06: skip_exists checksum_ok=True
[2026-08-11T03:25:51Z]   funding ETHUSDT 2021-05: skip_exists checksum_ok=True
[2026-08-11T03:25:51Z]   funding ETHUSDT 2021-08: skip_exists checksum_ok=True
[2026-08-11T03:25:51Z]   funding ETHUSDT 2021-09: skip_exists checksum_ok=True
[2026-08-11T03:25:51Z]   funding ETHUSDT 2021-10: skip_exists checksum_ok=True
[2026-08-11T03:25:51Z]   funding ETHUSDT 2021-11: skip_exists checksum_ok=True
[2026-08-11T03:25:51Z]   funding ETHUSDT 2021-12: skip_exists checksum_ok=True
[2026-08-11T03:25:51Z]   funding ETHUSDT 2022-01: skip_exists checksum_ok=True
[2026-08-11T03:25:51Z]   funding ETHUSDT 2022-04: skip_exists checksum_ok=True
[2026-08-11T03:25:51Z]   funding ETHUSDT 2022-02: skip_exists checksum_ok=True
[2026-08-11T03:25:51Z]   funding ETHUSDT 2022-03: skip_exists checksum_ok=True
[2026-08-11T03:25:51Z]   funding ETHUSDT 2022-06: skip_exists checksum_ok=True
[2026-08-11T03:25:51Z]   funding ETHUSDT 2022-05: skip_exists checksum_ok=True
[2026-08-11T03:25:51Z]   funding ETHUSDT 2022-07: skip_exists checksum_ok=True
[2026-08-11T03:25:51Z]   funding ETHUSDT 2022-09: skip_exists checksum_ok=True
[2026-08-11T03:25:51Z]   funding ETHUSDT 2022-10: skip_exists checksum_ok=True
[2026-08-11T03:25:51Z]   funding ETHUSDT 2022-08: skip_exists checksum_ok=True
[2026-08-11T03:25:51Z]   funding ETHUSDT 2022-11: skip_exists checksum_ok=True
[2026-08-11T03:25:51Z]   funding ETHUSDT 2023-01: skip_exists checksum_ok=True
[2026-08-11T03:25:51Z]   funding ETHUSDT 2022-12: skip_exists checksum_ok=True
[2026-08-11T03:25:51Z]   funding ETHUSDT 2023-02: skip_exists checksum_ok=True
[2026-08-11T03:25:51Z]   funding ETHUSDT 2023-04: skip_exists checksum_ok=True
[2026-08-11T03:25:51Z]   funding ETHUSDT 2023-03: skip_exists checksum_ok=True
[2026-08-11T03:25:51Z]   funding ETHUSDT 2023-06: skip_exists checksum_ok=True
[2026-08-11T03:25:51Z]   funding ETHUSDT 2023-05: skip_exists checksum_ok=True
[2026-08-11T03:25:51Z]   funding ETHUSDT 2023-07: skip_exists checksum_ok=True
[2026-08-11T03:25:51Z]   funding ETHUSDT 2023-09: skip_exists checksum_ok=True
[2026-08-11T03:25:51Z]   funding ETHUSDT 2023-08: skip_exists checksum_ok=True
[2026-08-11T03:25:51Z]   funding ETHUSDT 2023-10: skip_exists checksum_ok=True
[2026-08-11T03:25:51Z]   funding ETHUSDT 2023-12: skip_exists checksum_ok=True
[2026-08-11T03:25:51Z]   funding ETHUSDT 2023-11: skip_exists checksum_ok=True
[2026-08-11T03:25:51Z]   funding ETHUSDT 2024-01: skip_exists checksum_ok=True
[2026-08-11T03:25:51Z]   funding ETHUSDT 2024-03: skip_exists checksum_ok=True
[2026-08-11T03:25:51Z]   funding ETHUSDT 2024-04: skip_exists checksum_ok=True
[2026-08-11T03:25:51Z]   funding ETHUSDT 2024-02: skip_exists checksum_ok=True
[2026-08-11T03:25:51Z]   funding ETHUSDT 2024-06: skip_exists checksum_ok=True
[2026-08-11T03:25:51Z]   funding ETHUSDT 2024-07: skip_exists checksum_ok=True
[2026-08-11T03:25:51Z]   funding ETHUSDT 2024-05: skip_exists checksum_ok=True
[2026-08-11T03:25:51Z]   funding ETHUSDT 2024-08: skip_exists checksum_ok=True
[2026-08-11T03:25:51Z]   funding ETHUSDT 2024-10: skip_exists checksum_ok=True
[2026-08-11T03:25:51Z]   funding ETHUSDT 2024-09: skip_exists checksum_ok=True
[2026-08-11T03:25:51Z]   funding ETHUSDT 2025-01: skip_exists checksum_ok=True
[2026-08-11T03:25:51Z]   funding ETHUSDT 2024-11: skip_exists checksum_ok=True
[2026-08-11T03:25:51Z]   funding ETHUSDT 2024-12: skip_exists checksum_ok=True
[2026-08-11T03:25:51Z]   funding ETHUSDT 2025-02: skip_exists checksum_ok=True
[2026-08-11T03:25:51Z]   funding ETHUSDT 2025-03: skip_exists checksum_ok=True
[2026-08-11T03:25:51Z]   funding ETHUSDT 2025-04: skip_exists checksum_ok=True
[2026-08-11T03:25:51Z]   funding ETHUSDT 2025-05: skip_exists checksum_ok=True
[2026-08-11T03:25:51Z]   funding ETHUSDT 2025-07: skip_exists checksum_ok=True
[2026-08-11T03:25:51Z]   funding ETHUSDT 2025-06: skip_exists checksum_ok=True
[2026-08-11T03:25:51Z]   funding ETHUSDT 2025-09: skip_exists checksum_ok=True
[2026-08-11T03:25:51Z]   funding ETHUSDT 2025-08: skip_exists checksum_ok=True
[2026-08-11T03:25:51Z]   funding ETHUSDT 2025-10: skip_exists checksum_ok=True
[2026-08-11T03:25:51Z]   funding ETHUSDT 2026-01: skip_exists checksum_ok=True
[2026-08-11T03:25:51Z]   funding ETHUS[2026-08-11T03:26:09Z]   funding ETHUSDT 2021-03: ok checksum_ok=True
[2026-08-11T03:26:09Z] DONE funding ETHUSDT: ok=67 skip=0 not_found=0 error=0
ding ETHUSDT 2026-03: skip_exists checksum_ok=True
[2026-08-11T03:25:51Z]   funding ETHUSDT 2026-02: skip_exists checksum_ok=True
[2026-08-11T03:25:51Z]   funding ETHUSDT 2026-04: skip_exists checksum_ok=True
[2026-08-11T03:25:51Z]   funding ETHUSDT 2026-06: skip_exists checksum_ok=True
[2026-08-11T03:25:51Z]   funding ETHUSDT 2026-05: skip_exists checksum_ok=True
[2026-08-11T03:25:51Z]   funding ETHUSDT 2026-07: skip_exists checksum_ok=True
[2026-08-11T03:25:51Z]   funding ETHUSDT 2021-03: ok checksum_ok=True
[2026-08-11T03:25:51Z] DONE funding ETHUSDT: ok=1 skip=66 not_found=0 error=0
